[1m[91merror[0m: test failed, to rerun pass `-p rust-agent-coding --test prompt_smoke`
